
R version 4.5.2 (2025-10-31) -- "[Not] Part in a Rumble"
Copyright (C) 2025 The R Foundation for Statistical Computing
Platform: aarch64-apple-darwin20

R is free software and comes with ABSOLUTELY NO WARRANTY.
You are welcome to redistribute it under certain conditions.
Type 'license()' or 'licence()' for distribution details.

R is a collaborative project with many contributors.
Type 'contributors()' for more information and
'citation()' on how to cite R or R packages in publications.

Type 'demo()' for some demos, 'help()' for on-line help, or
'help.start()' for an HTML browser interface to help.
Type 'q()' to quit R.

> # This file is part of the standard setup for testthat.
> # It is recommended that you do not modify it.
> #
> # Where should you do your testing?
> # Learn more about testing at https://r-pkgs.org/tests.html
> options(error = NULL)
> library(testthat)
> library(asa)
> 
> test_check("asa")

  build_prompt: 0.1198 sec (baseline: 0.09, threshold: 0.36, ratio: 1.33x)

  helper_funcs: 0.0649 sec (baseline: 0.07, threshold: 0.28, ratio: 0.93x)

  combined:     0.1226 sec (baseline: 0.09, threshold: 0.36, ratio: 1.35x)

  agent_search: 12.44 sec (baseline: 18, threshold: 70, ratio: 0.71x)

  Could not write speed report: cannot open the connection
  README.md updated: /Users/cjerzak/Documents/asa-software/README.md
[ FAIL 0 | WARN 1 | SKIP 1 | PASS 275 ]

══ Skipped tests (1) ═══════════════════════════════════════════════════════════
• On CRAN (1): 'test-research.R:355:3'

[ FAIL 0 | WARN 1 | SKIP 1 | PASS 275 ]
> 
> # test_check("asa") # - designed for R CMD check, not interactive use
> # devtools::test("~/Documents/asa-software/asa/")#  - use this for interactive testing
> 
> proc.time()
   user  system elapsed 
 16.783   4.606  73.851 
